---
schema:
  paths:
    - tests
data_source:
  default: master
  nodes:
    pgsql:
      dsn: 'pgsql:host=localhost;dbname=testing'
      user: postgres
      driver: pgsql
      pass: null
      query_options: {  }
      connection_options: {  }
